undefined UnderlineStyle value: 15
defined name/values: {'SOLID': UnderlineStyle.SOLID, 'DASHED': UnderlineStyle.DASHED, 'DOTTED': UnderlineStyle.DOTTED, 'DASH_DOT': UnderlineStyle.DASH_DOT, 'DASH_DOT_DOT': UnderlineStyle.DASH_DOT_DOT, 'LONG_DASHED': UnderlineStyle.LONG_DASHED, 'LARGE_DOTTED': UnderlineStyle.LARGE_DOTTED, 'DOUBLE': UnderlineStyle.DOUBLE, 'LOWER_WEIGHTED': UnderlineStyle.LOWER_WEIGHTED, 'UPPER_WEIGHTED': UnderlineStyle.UPPER_WEIGHTED, 'MIDDLE_WEIGHTED': UnderlineStyle.MIDDLE_WEIGHTED}
undefined UnderlineStyle value: 15
defined name/values: {'SOLID': UnderlineStyle.SOLID, 'DASHED': UnderlineStyle.DASHED, 'DOTTED': UnderlineStyle.DOTTED, 'DASH_DOT': UnderlineStyle.DASH_DOT, 'DASH_DOT_DOT': UnderlineStyle.DASH_DOT_DOT, 'LONG_DASHED': UnderlineStyle.LONG_DASHED, 'LARGE_DOTTED': UnderlineStyle.LARGE_DOTTED, 'DOUBLE': UnderlineStyle.DOUBLE, 'LOWER_WEIGHTED': UnderlineStyle.LOWER_WEIGHTED, 'UPPER_WEIGHTED': UnderlineStyle.UPPER_WEIGHTED, 'MIDDLE_WEIGHTED': UnderlineStyle.MIDDLE_WEIGHTED}
undefined UnderlineStyle value: 15
defined name/values: {'SOLID': UnderlineStyle.SOLID, 'DASHED': UnderlineStyle.DASHED, 'DOTTED': UnderlineStyle.DOTTED, 'DASH_DOT': UnderlineStyle.DASH_DOT, 'DASH_DOT_DOT': UnderlineStyle.DASH_DOT_DOT, 'LONG_DASHED': UnderlineStyle.LONG_DASHED, 'LARGE_DOTTED': UnderlineStyle.LARGE_DOTTED, 'DOUBLE': UnderlineStyle.DOUBLE, 'LOWER_WEIGHTED': UnderlineStyle.LOWER_WEIGHTED, 'UPPER_WEIGHTED': UnderlineStyle.UPPER_WEIGHTED, 'MIDDLE_WEIGHTED': UnderlineStyle.MIDDLE_WEIGHTED}
undefined UnderlineStyle value: 15
defined name/values: {'SOLID': UnderlineStyle.SOLID, 'DASHED': UnderlineStyle.DASHED, 'DOTTED': UnderlineStyle.DOTTED, 'DASH_DOT': UnderlineStyle.DASH_DOT, 'DASH_DOT_DOT': UnderlineStyle.DASH_DOT_DOT, 'LONG_DASHED': UnderlineStyle.LONG_DASHED, 'LARGE_DOTTED': UnderlineStyle.LARGE_DOTTED, 'DOUBLE': UnderlineStyle.DOUBLE, 'LOWER_WEIGHTED': UnderlineStyle.LOWER_WEIGHTED, 'UPPER_WEIGHTED': UnderlineStyle.UPPER_WEIGHTED, 'MIDDLE_WEIGHTED': UnderlineStyle.MIDDLE_WEIGHTED}
undefined UnderlineStyle value: 15
defined name/values: {'SOLID': UnderlineStyle.SOLID, 'DASHED': UnderlineStyle.DASHED, 'DOTTED': UnderlineStyle.DOTTED, 'DASH_DOT': UnderlineStyle.DASH_DOT, 'DASH_DOT_DOT': UnderlineStyle.DASH_DOT_DOT, 'LONG_DASHED': UnderlineStyle.LONG_DASHED, 'LARGE_DOTTED': UnderlineStyle.LARGE_DOTTED, 'DOUBLE': UnderlineStyle.DOUBLE, 'LOWER_WEIGHTED': UnderlineStyle.LOWER_WEIGHTED, 'UPPER_WEIGHTED': UnderlineStyle.UPPER_WEIGHTED, 'MIDDLE_WEIGHTED': UnderlineStyle.MIDDLE_WEIGHTED}
undefined UnderlineStyle value: 15
defined name/values: {'SOLID': UnderlineStyle.SOLID, 'DASHED': UnderlineStyle.DASHED, 'DOTTED': UnderlineStyle.DOTTED, 'DASH_DOT': UnderlineStyle.DASH_DOT, 'DASH_DOT_DOT': UnderlineStyle.DASH_DOT_DOT, 'LONG_DASHED': UnderlineStyle.LONG_DASHED, 'LARGE_DOTTED': UnderlineStyle.LARGE_DOTTED, 'DOUBLE': UnderlineStyle.DOUBLE, 'LOWER_WEIGHTED': UnderlineStyle.LOWER_WEIGHTED, 'UPPER_WEIGHTED': UnderlineStyle.UPPER_WEIGHTED, 'MIDDLE_WEIGHTED': UnderlineStyle.MIDDLE_WEIGHTED}
undefined UnderlineStyle value: 15
defined name/values: {'SOLID': UnderlineStyle.SOLID, 'DASHED': UnderlineStyle.DASHED, 'DOTTED': UnderlineStyle.DOTTED, 'DASH_DOT': UnderlineStyle.DASH_DOT, 'DASH_DOT_DOT': UnderlineStyle.DASH_DOT_DOT, 'LONG_DASHED': UnderlineStyle.LONG_DASHED, 'LARGE_DOTTED': UnderlineStyle.LARGE_DOTTED, 'DOUBLE': UnderlineStyle.DOUBLE, 'LOWER_WEIGHTED': UnderlineStyle.LOWER_WEIGHTED, 'UPPER_WEIGHTED': UnderlineStyle.UPPER_WEIGHTED, 'MIDDLE_WEIGHTED': UnderlineStyle.MIDDLE_WEIGHTED}
undefined UnderlineStyle value: 15
defined name/values: {'SOLID': UnderlineStyle.SOLID, 'DASHED': UnderlineStyle.DASHED, 'DOTTED': UnderlineStyle.DOTTED, 'DASH_DOT': UnderlineStyle.DASH_DOT, 'DASH_DOT_DOT': UnderlineStyle.DASH_DOT_DOT, 'LONG_DASHED': UnderlineStyle.LONG_DASHED, 'LARGE_DOTTED': UnderlineStyle.LARGE_DOTTED, 'DOUBLE': UnderlineStyle.DOUBLE, 'LOWER_WEIGHTED': UnderlineStyle.LOWER_WEIGHTED, 'UPPER_WEIGHTED': UnderlineStyle.UPPER_WEIGHTED, 'MIDDLE_WEIGHTED': UnderlineStyle.MIDDLE_WEIGHTED}
undefined UnderlineStyle value: 15
defined name/values: {'SOLID': UnderlineStyle.SOLID, 'DASHED': UnderlineStyle.DASHED, 'DOTTED': UnderlineStyle.DOTTED, 'DASH_DOT': UnderlineStyle.DASH_DOT, 'DASH_DOT_DOT': UnderlineStyle.DASH_DOT_DOT, 'LONG_DASHED': UnderlineStyle.LONG_DASHED, 'LARGE_DOTTED': UnderlineStyle.LARGE_DOTTED, 'DOUBLE': UnderlineStyle.DOUBLE, 'LOWER_WEIGHTED': UnderlineStyle.LOWER_WEIGHTED, 'UPPER_WEIGHTED': UnderlineStyle.UPPER_WEIGHTED, 'MIDDLE_WEIGHTED': UnderlineStyle.MIDDLE_WEIGHTED}
undefined UnderlineStyle value: 15
defined name/values: {'SOLID': UnderlineStyle.SOLID, 'DASHED': UnderlineStyle.DASHED, 'DOTTED': UnderlineStyle.DOTTED, 'DASH_DOT': UnderlineStyle.DASH_DOT, 'DASH_DOT_DOT': UnderlineStyle.DASH_DOT_DOT, 'LONG_DASHED': UnderlineStyle.LONG_DASHED, 'LARGE_DOTTED': UnderlineStyle.LARGE_DOTTED, 'DOUBLE': UnderlineStyle.DOUBLE, 'LOWER_WEIGHTED': UnderlineStyle.LOWER_WEIGHTED, 'UPPER_WEIGHTED': UnderlineStyle.UPPER_WEIGHTED, 'MIDDLE_WEIGHTED': UnderlineStyle.MIDDLE_WEIGHTED}
undefined UnderlineStyle value: 15
defined name/values: {'SOLID': UnderlineStyle.SOLID, 'DASHED': UnderlineStyle.DASHED, 'DOTTED': UnderlineStyle.DOTTED, 'DASH_DOT': UnderlineStyle.DASH_DOT, 'DASH_DOT_DOT': UnderlineStyle.DASH_DOT_DOT, 'LONG_DASHED': UnderlineStyle.LONG_DASHED, 'LARGE_DOTTED': UnderlineStyle.LARGE_DOTTED, 'DOUBLE': UnderlineStyle.DOUBLE, 'LOWER_WEIGHTED': UnderlineStyle.LOWER_WEIGHTED, 'UPPER_WEIGHTED': UnderlineStyle.UPPER_WEIGHTED, 'MIDDLE_WEIGHTED': UnderlineStyle.MIDDLE_WEIGHTED}
Traceback (most recent call last):
  File "<frozen runpy>", line 198, in _run_module_as_main
  File "<frozen runpy>", line 88, in _run_code
  File "C:\Users\USER\AppData\Local\hermes\hermes-agent\venv\Scripts\hwp5txt.exe\__main__.py", line 10, in <module>
  File "C:\Users\USER\AppData\Local\hermes\hermes-agent\venv\Lib\site-packages\hwp5\hwp5txt.py", line 84, in main
    transform(hwp5file, dest)
  File "C:\Users\USER\AppData\Local\hermes\hermes-agent\venv\Lib\site-packages\hwp5\transforms\__init__.py", line 49, in transform_hwp5
    with self.transformed_xhwp5_at_temp(hwp5file) as xhwp5path:
  File "C:\Users\USER\AppData\Roaming\uv\python\cpython-3.11-windows-x86_64-none\Lib\contextlib.py", line 137, in __enter__
    return next(self.gen)
           ^^^^^^^^^^^^^^
  File "C:\Users\USER\AppData\Local\hermes\hermes-agent\venv\Lib\site-packages\hwp5\transforms\__init__.py", line 60, in transformed_xhwp5_at_temp
    hwp5file.xmlevents(embedbin=self.embedbin).dump(f)
  File "C:\Users\USER\AppData\Local\hermes\hermes-agent\venv\Lib\site-packages\hwp5\xmlmodel.py", line 602, in dump
    for chunk in bytechunks:
  File "C:\Users\USER\AppData\Local\hermes\hermes-agent\venv\Lib\site-packages\hwp5\xmlmodel.py", line 597, in bytechunks
    for chunk in bytechunks:
  File "C:\Users\USER\AppData\Local\hermes\hermes-agent\venv\Lib\site-packages\hwp5\xmlformat.py", line 242, in xmlevents_to_bytechunks
    for textchunk in xmlevents_to_textchunks(xmlevents):
  File "C:\Users\USER\AppData\Local\hermes\hermes-agent\venv\Lib\site-packages\hwp5\xmlformat.py", line 250, in xmlevents_to_textchunks
    for event, item in xmlevents:
  File "C:\Users\USER\AppData\Local\hermes\hermes-agent\venv\Lib\site-packages\hwp5\xmlmodel.py", line 563, in modelevents_to_xmlevents
    for event, (model, attributes, context) in modelevents:
  File "C:\Users\USER\AppData\Local\hermes\hermes-agent\venv\Lib\site-packages\hwp5\xmlmodel.py", line 76, in give_elements_unique_id
    for event, item in event_prefixed_mac:
  File "C:\Users\USER\AppData\Local\hermes\hermes-agent\venv\Lib\site-packages\hwp5\xmlmodel.py", line 557, in wrap_modelevents
    for mev in modelevents:
  File "C:\Users\USER\AppData\Local\hermes\hermes-agent\venv\Lib\site-packages\hwp5\xmlmodel.py", line 557, in wrap_modelevents
    for mev in modelevents:
  File "C:\Users\USER\AppData\Local\hermes\hermes-agent\venv\Lib\site-packages\hwp5\xmlmodel.py", line 311, in wrap_columns
    assert stack[-1][0] is ColumnSet
           ^^^^^^^^^^^^^^^^^^^^^^^^^
AssertionError
